Success! Final stack:
  "Verso.Parser.UnorderedListType.plus"
Remaining:
"+ "