Success! Final stack:
  [(Verso.Syntax.named_no_paren
    `dialect
    ":="
    (Verso.Syntax.arg_str (str "\"chicken\"")))
   (Verso.Syntax.anon
    (Verso.Syntax.arg_num (num "43")))]
Remaining:
"\nfoo"