Success! Final stack:
  [(Verso.Syntax.anon
    (Verso.Syntax.arg_num (num "43")))]
Remaining:
"\n\"foo\""