Success! Final stack:
  (Verso.Syntax.image
   "!["
   (str "\"alt text is good\"")
   "]"
   (Verso.Syntax.url
    "("
    (str "\"logo.png\"")
    ")"))
All input consumed.