Success! Final stack:
  (Verso.Syntax.text (str "\"a \""))
Remaining:
"* b"