Success! Final stack:
  (Verso.Syntax.text (str "\"$$$\""))
All input consumed.