Success! Final stack:
  (Verso.Syntax.display_math
   "$$"
   (Verso.Syntax.code
    "`"
    (str "\"\\\\frac{x}{4}\"")
    "`"))
All input consumed.