Success! Final stack:
 • (num "2")
 • "Verso.Parser.OrderedListType.parenAfter 2"

Remaining:
"2) "