Failure @0 (⟨1, 0⟩): unterminated string literal; expected identifier or numeral
Final stack:
  (Lean.Doc.Syntax.arg_str <missing>)
Remaining: "\"foo"