Success! Final stack:
  (Verso.Syntax.arg_num (num "1"))
All input consumed.