
\documentclass{memoir}

\usepackage{sourcecodepro}
\usepackage{sourcesanspro}
\usepackage{sourceserifpro}

\usepackage{fancyvrb}
\usepackage{fvextra}

\usepackage[most]{tcolorbox}

\definecolor{bordercolor}{HTML}{98B2C0}
\definecolor{medgray}{HTML}{555555}
\newtcolorbox{docstringBox}[2][]{colback=white,
breakable,
colframe=bordercolor,
colbacktitle=white,
enhanced,
coltitle=medgray,
attach boxed title to top left={xshift=2mm,yshift=-2mm},
boxrule=0.4pt,
fonttitle=\sffamily\fontsize{6pt}{7pt}\selectfont,
boxed title style={top=-0.3mm,bottom=-0.3mm,left=-0.3mm,right=-0.3mm,boxrule=0.4pt},
title={#2},#1}


\makechapterstyle{lean}{%
\renewcommand*{\chaptitlefont}{\sffamily\HUGE}
\renewcommand*{\chapnumfont}{\chaptitlefont}
% allow for 99 chapters!
\settowidth{\chapindent}{\chapnumfont 999}
\renewcommand*{\printchaptername}{}
\renewcommand*{\chapternamenum}{}
\renewcommand*{\chapnumfont}{\chaptitlefont}
\renewcommand*{\printchapternum}{%
\noindent\llap{\makebox[\chapindent][l]{%
\chapnumfont \thechapter}}}
\renewcommand*{\afterchapternum}{}
}

\chapterstyle{lean}

\setsecheadstyle{\sffamily\bfseries\Large}
\setsubsecheadstyle{\sffamily\bfseries\large}
\setsubsubsecheadstyle{\sffamily\bfseries}

\renewcommand{\cftchapterfont}{\normalfont\sffamily}
\renewcommand{\cftsectionfont}{\normalfont\sffamily}
\renewcommand{\cftchapterpagefont}{\normalfont\sffamily}
\renewcommand{\cftsectionpagefont}{\normalfont\sffamily}

\title{\sffamily Title of the Doc}
\author{\sffamily Harry Q. Bovik}
\date{\sffamily }

\begin{document}

\frontmatter

\begin{titlingpage}
\maketitle
\end{titlingpage}

\tableofcontents

\mainmatter

\chapter*{Introduction}
\begin{docstringBox}{structure}
\texttt{Verso.Integration.InheritanceDoc.FooExtends} \texttt{:}
  \texttt{Type}\tcblower Documentation for FooExtends\par\noindent\textbf{Constructor}\par \par \texttt{Verso.Integration.InheritanceDoc.FooExtends.mk}\par\noindent\textbf{Extends}\par Verso.Integration.InheritanceDoc.FooExtends\par\noindent\textbf{Fields}\par \par \texttt{barField1} : \texttt{Bool}\par Inherited from \texttt{BarExtended}\par \texttt{barField2} : \texttt{Unit}\par Inherited from \texttt{BarExtended}\par \texttt{fooField1} : \texttt{Nat}\par Documentation for fooField1\par \texttt{fooField2} : \texttt{String}\par Documentation for fooField2
\end{docstringBox}

\end{document}
