Success! Final stack:
  (Verso.Syntax.flag_off "-" `other)
All input consumed.