3 failures:
  @6 (⟨1, 6⟩): expected ')'
    ""
  @6 (⟨1, 6⟩): expected ':='
    ""
  @6 (⟨1, 6⟩): unexpected end of input; expected identifier, numeral or string literal
    ""

Final stack:
  (Lean.Doc.Syntax.named
   "("
   `x
   <missing>
   (Lean.Doc.Syntax.arg_str <missing>)
   <missing>)