Success! Final stack:
  (Verso.Syntax.named_no_paren
   `x
   ":="
   (Verso.Syntax.arg_ident `y))
All input consumed.