Success! Final stack:
  (Verso.Syntax.flag_on "+" `foo)
All input consumed.