Success! Final stack:
  (Verso.Syntax.named_no_paren
   `x
   ":="
   (Verso.Syntax.arg_str (str "\"y\"")))
All input consumed.