Failure @8 (⟨1, 8⟩): expected ')'
Final stack:
  (Verso.Syntax.named
   "("
   `x
   ":="
   (Verso.Syntax.arg_num (num "42"))
   <missing>)
Remaining: "\n)"