Success! Final stack:
  (Verso.Syntax.named_no_paren
   `x
   ":="
   (Verso.Syntax.arg_num (num "1")))
All input consumed.