Success! Final stack:
  (Verso.Syntax.named
   "("
   `x
   ":="
   (Verso.Syntax.arg_num (num "1"))
   ")")
Remaining:
"\n"