Success! Final stack:
  (Verso.Syntax.codeblock
   "```"
   [`scheme
    [(Verso.Syntax.named
      "("
      `dialect
      ":="
      (Verso.Syntax.arg_str (str "\"chicken\""))
      ")")]]
   "\n"
   (str "\"(define x 4)\\nx\\n\"")
   "```")
All input consumed.