Success! Final stack:
  [(Verso.Syntax.header
    "header("
    (num "1")
    ")"
    "{"
    [(Verso.Syntax.text (str "\"Header!\""))]
    "}")]
All input consumed.