Success! Final stack:
  [(Verso.Syntax.ul
    "ul{"
    [(Verso.Syntax.li
      "*"
      [(Verso.Syntax.para
        "para{"
        [(Verso.Syntax.text (str "\"abc\""))]
        "}")])]
    "}")
   (Verso.Syntax.para
    "para{"
    [(Verso.Syntax.text (str "\"def\""))]
    "}")]
All input consumed.