Success! Final stack:
  [(Verso.Syntax.para
    "para{"
    [(Verso.Syntax.text
      (str
       "\"This is just some textual content. How is it?\""))]
    "}")
   (Verso.Syntax.para
    "para{"
    [(Verso.Syntax.text (str "\"More?\""))]
    "}")]
All input consumed.