Success! Final stack:
  [(Verso.Syntax.blockquote
    ">"
    [(Verso.Syntax.ol
      "ol("
      (num "1")
      ")"
      "{"
      [(Verso.Syntax.li
        "1."
        [(Verso.Syntax.para
          "para{"
          [(Verso.Syntax.text (str "\"foo\""))]
          "}")])]
      "}")])]
All input consumed.