Success! Final stack:
  [(Verso.Syntax.para
    "para{"
    [(Verso.Syntax.text
      (str "\"Newlines are preserved\""))
     (Verso.Syntax.linebreak
      "line!"
      (str "\"\\n\""))
     (Verso.Syntax.text
      (str "\"in paragraphs.\""))]
    "}")]
All input consumed.