2 failures:
  @36 (⟨3, 28⟩): expected identifier
    ""
  @36 (⟨3, 28⟩): unexpected end of input; expected '![', '$$', '$', '[' or '[^'
    ""

Final stack:
  (Verso.Syntax.para
   "para{"
   [(Verso.Syntax.role
     "{"
     <missing>
     "["
     [(Verso.Syntax.footnote <missing>)]
     "]")])