Failure @4 (⟨1, 4⟩): expected '`' to close inline code
Final stack:
  (Verso.Syntax.code
   "`"
   (str "\"foo\"")
   <missing>)
Remaining: ""