Success! Final stack:
  (Verso.Syntax.role
   "{"
   `hello
   []
   "}"
   "["
   [(Verso.Syntax.bold
     "*"
     [(Verso.Syntax.text (str "\"there\""))]
     "*")]
   "]")
All input consumed.