Success! Final stack:
  (Verso.Syntax.role
   "{"
   `hello
   [(Verso.Syntax.named_no_paren
     `world
     ":="
     (Verso.Syntax.arg_ident `gaia))]
   "}"
   "["
   [(Verso.Syntax.text (str "\"there\""))]
   "]")
All input consumed.